created graph A

added node n1 to A
added node n2 to A
added node n3 to A

added edge e1 from n1 to n2 in A
added edge e1 from n2 to n3 in A
added edge e1 from n3 to n1 in A
added edge e2 from n1 to n3 in A
added edge e2 from n3 to n2 in A
added edge e2 from n2 to n1 in A

the children of n1 in A are: n2(e1) n3(e2)