created graph A

added node n0 to A
added node n1 to A
added node n2 to A
added node n3 to A
added node n4 to A

added edge e1 from n0 to n4 in A
added edge e2 from n0 to n1 in A
added edge e1 from n0 to n1 in A
added edge e1 from n0 to n2 in A
added edge e2 from n0 to n2 in A
added edge e1 from n0 to n3 in A

the children of n0 in A are: n1(e1) n1(e2) n2(e1) n2(e2) n3(e1) n4(e1)